// Jest Snapshot v1, https://goo.gl/fbAQLP

exports[`Map Default Snapshot 1`] = `
<div
  className="item max-size"
  id="1event1slug"
>
  Children
</div>
`;
