// Jest Snapshot v1, https://goo.gl/fbAQLP

exports[`Button Snapshot 1`] = `
<button
  className="btn btn-raised btn-default"
  id="btn"
  onClick={[Function]}
  type="button"
>
  <span
    aria-hidden={true}
    id="btn"
  >
    
  </span>
</button>
`;
