// Jest Snapshot v1, https://goo.gl/fbAQLP

exports[`Item Default render 1`] = `
<Map
  sliderId={1}
>
  <div
    onClick={[Function]}
    onKeyPress={[Function]}
    role="button"
    tabIndex="0"
  >
    <div
      className="overlay"
    >
      <div
        className="title"
      />
      <div
        className="plot"
      />
    </div>
  </div>
</Map>
`;

exports[`Item Render event 1 1`] = `
<div
  className="item"
  style={
    Object {
      "backgroundImage": "url(event1backdrop)",
    }
  }
>
  <div
    onClick={[Function]}
    onKeyPress={[Function]}
    role="button"
    tabIndex="0"
  >
    <div
      className="overlay"
    >
      <div
        className="title"
      >
        event 1
      </div>
      <div
        className="rating"
      >
        Attendees: 10
      </div>
      <div
        className="rating tags"
      >
        Tags
        : 
        <a
          href="tag-url"
        >
          slug-name
        </a>
      </div>
      <div
        className="plot"
      >
        event1overview
      </div>
    </div>
  </div>
</div>
`;

exports[`Item should shows Map when data has not backdrop 1`] = `
<Map
  eventSlug="event1slug"
  place="{\\"address_components\\":[{\\"long_name\\":\\"1667\\",\\"short_name\\":\\"1667\\",\\"types\\":[\\"street_number\\"]},{\\"long_name\\":\\"Ayacucho\\",\\"short_name\\":\\"Ayacucho\\",\\"types\\":[\\"route\\"]},{\\"long_name\\":\\"Centro\\",\\"short_name\\":\\"Centro\\",\\"types\\":[\\"neighborhood\\",\\"political\\"]},{\\"long_name\\":\\"Rosario\\",\\"short_name\\":\\"Rosario\\",\\"types\\":[\\"locality\\",\\"political\\"]},{\\"long_name\\":\\"Departamento Rosario\\",\\"short_name\\":\\"Departamento Rosario\\",\\"types\\":[\\"administrative_area_level_2\\",\\"political\\"]},{\\"long_name\\":\\"Santa Fe\\",\\"short_name\\":\\"Santa Fe\\",\\"types\\":[\\"administrative_area_level_1\\",\\"political\\"]},{\\"long_name\\":\\"Argentina\\",\\"short_name\\":\\"AR\\",\\"types\\":[\\"country\\",\\"political\\"]},{\\"long_name\\":\\"S2000\\",\\"short_name\\":\\"S2000\\",\\"types\\":[\\"postal_code\\"]},{\\"long_name\\":\\"BYS\\",\\"short_name\\":\\"BYS\\",\\"types\\":[\\"postal_code_suffix\\"]}],\\"formatted_address\\":\\"Ayacucho 1667, S2000BYS Rosario, Santa Fe, Argentina\\",\\"geometry\\":{\\"location\\":{\\"lat\\":-32.9586923,\\"lng\\":-60.629729},\\"location_type\\":\\"ROOFTOP\\",\\"viewport\\":{\\"south\\":-32.9600412802915,\\"west\\":-60.63107798029148,\\"north\\":-32.9573433197085,\\"east\\":-60.628380019708516}},\\"place_id\\":\\"ChIJ7QvrMwCrt5URpyBml6doLnY\\",\\"plus_code\\":{\\"compound_code\\":\\"29RC+G4 Rosario, Santa Fe, Argentina\\",\\"global_code\\":\\"47VX29RC+G4\\"},\\"types\\":[\\"street_address\\"]}"
  sliderId={1}
>
  <div
    onClick={[Function]}
    onKeyPress={[Function]}
    role="button"
    tabIndex="0"
  >
    <div
      className="overlay"
    >
      <div
        className="title"
      >
        event 1
      </div>
      <div
        className="rating"
      >
        Attendees: 10
      </div>
      <div
        className="rating tags"
      >
        Tags
        : 
        <a
          href="tag-url"
        >
          slug-name
        </a>
      </div>
      <div
        className="plot"
      >
        event1overview
      </div>
    </div>
  </div>
</Map>
`;
