// Jest Snapshot v1, https://goo.gl/fbAQLP

exports[`Slider Default Snapshot 1`] = `
<ReactSlickSlider
  className="container"
  dots={true}
  nextArrow={
    <Arrow
      type="next"
    />
  }
  prevArrow={
    <Arrow
      type="prev"
    />
  }
  speed={500}
/>
`;
